Listing 'app'...
Listing 'app\\api'...
Listing 'app\\api\\routes'...
Listing 'app\\core'...
Listing 'app\\domain'...
Listing 'app\\repositories'...
Listing 'app\\schemas'...
Compiling 'app\\schemas\\testcases.py'...
Listing 'app\\services'...
